// Jest Snapshot v1, https://goo.gl/fbAQLP

exports[`[render content \`statistic / Contracts\`] 1`] = `
<DocumentFragment>
  <main
    class="container-contracts"
  >
    <nav
      class="nav-contracts"
    >
      <a
        href="/statistic"
      >
        <button
          class="nav-contracts--btn-volver"
          type="button"
        >
          <i
            class="fas fa-arrow-left icon-volver"
          />
          Volver
        </button>
      </a>
    </nav>
    <section
      class="filter-time"
    >
      <h2
        class="filter-time--title"
      >
        Filtrar por:
      </h2>
      <div
        class="filter-time__forms"
      >
        <form
          class="filter-time__forms-month"
          for="form-filter-month"
        >
          <label>
            Mes:
          </label>
          <select
            class="filter-time__forms-month--select"
          >
            <option
              value="Mes"
            >
              Mes
            </option>
            <option
              value="1"
            >
              Enero
            </option>
            <option
              value="2"
            >
              Febrero
            </option>
            <option
              value="3"
            >
              Marzo
            </option>
            <option
              value="4"
            >
              Abril
            </option>
            <option
              value="5"
            >
              Mayo
            </option>
            <option
              value="6"
            >
              Junio
            </option>
            <option
              value="7"
            >
              Julio
            </option>
            <option
              value="8"
            >
              Agosto
            </option>
            <option
              value="9"
            >
              Septiembre
            </option>
            <option
              value="10"
            >
              Octubre
            </option>
            <option
              value="11"
            >
              Noviembre
            </option>
            <option
              value="12"
            >
              Diciembre
            </option>
          </select>
        </form>
        <span>
          Ã“
        </span>
        <form
          class="filter-time__forms-quarter"
          for="form-filter-quarter"
        >
          <label>
            Trimestre:
          </label>
          <select
            class="filter-time__forms-quarter--select"
          >
            <option
              value="Trimestre"
            >
              Trimestre
            </option>
            <option
              value="1"
            >
              Primer Trimestre
            </option>
            <option
              value="2"
            >
              Segundo Trimestre
            </option>
            <option
              value="3"
            >
              Tercer Trimestre
            </option>
            <option
              value="4"
            >
              Cuarto Trimestre
            </option>
          </select>
        </form>
      </div>
    </section>
    <section
      class="section-contracts"
    >
      <p
        class="section-contracts--filter"
      >
        Haz un filtro por mes o trimestre, para traer los datos
      </p>
    </section>
  </main>
</DocumentFragment>
`;
